vae_df:        sentence_id      sign_mt      sockeye
count  1000.000000  1000.000000  1000.000000
mean    499.500000     1.302773     1.162100
std     288.819436     0.413476     0.345092
min       0.000000     0.448220     0.546021
25%     249.750000     1.012668     0.926832
50%     499.500000     1.243690     1.083877
75%     749.250000     1.507436     1.307686
max     999.000000     3.231474     2.907330
System: ref
===============================
System: sockeye
metrics
    score_avg      nMSE      nAPE        DTW       nDTW  bleu   chrf     bleurt  likelihood  vae_l2_mean
0    2.500000  0.330491  0.339605  31.368112   9.139544  6.57  16.98  14.843750  -47.499249     1.247443
1    2.666667  0.281560  0.336028  14.726807   7.520980  6.87   9.96  13.085938  -36.581486     0.730125
2    2.166667  0.139974  0.235616  38.167863  29.165213  0.48  11.56  64.843750  -78.595978     1.462510
3    2.000000  0.162790  0.205588  20.450370  11.092957  5.80  15.44  20.996094  -45.255180     0.916950
4    4.666667  0.135761  0.218089  14.613753   7.787875  0.00   1.16   6.884766  -43.712204     0.743485
..        ...       ...       ...        ...        ...   ...    ...        ...         ...          ...
95  10.500000  0.190938  0.279506  22.887352  15.186427  5.69  12.00  20.996094  -54.032887     1.008387
96   2.666667  0.152987  0.216564  34.451863  20.000909  2.45  13.10  13.183594  -70.166939     1.368934
97   2.666667  0.236504  0.251297  35.668035  14.002691  3.06  12.47  37.109375  -71.291336     1.022276
98   3.000000  0.157335  0.255503  20.649311  13.794220  4.77  13.45  12.500000  -59.230019     1.019375
99   3.666667  0.291211  0.342670  28.502910   8.381996  4.30  17.98  30.664062  -51.278877     0.870817

[100 rows x 10 columns]
        score_avg        nMSE        nAPE         DTW        nDTW        bleu       chrf      bleurt  likelihood  vae_l2_mean
count  100.000000  100.000000  100.000000  100.000000  100.000000  100.000000  100.00000  100.000000  100.000000   100.000000
mean     4.280000    0.214725    0.273022   27.262440   15.029174    3.082600   12.26580   23.581543  -52.022713     1.058550
std      3.754599    0.103736    0.092704   10.586434    7.934018    2.362862    4.58621   10.907746   17.574907     0.211446
min      1.833333    0.031863    0.087782   12.268382    4.444975    0.000000    1.16000    2.929688 -105.054024     0.730125
25%      2.666667    0.142252    0.216317   18.916659   10.211837    0.480000    8.92250   15.771484  -62.044563     0.913589
50%      3.083333    0.198019    0.258931   25.161013   12.402754    3.430000   12.59500   21.386719  -49.831190     0.998677
75%      4.500000    0.278173    0.328970   31.301074   17.815933    4.770000   15.00500   29.150391  -40.395084     1.197149
max     32.166667    0.484579    0.528742   65.003582   46.184610    8.640000   32.77000   64.843750  -20.389688     1.738608

pearson correlation
             score_avg      nMSE      nAPE       DTW      nDTW      bleu      chrf    bleurt  likelihood  vae_l2_mean
score_avg     1.000000 -0.054161 -0.141817 -0.180215 -0.189446  0.143653 -0.025402  0.062402    0.302617    -0.046478
nMSE         -0.054161  1.000000  0.951396  0.536657  0.176840 -0.145398  0.016808  0.205045   -0.354937     0.095874
nAPE         -0.141817  0.951396  1.000000  0.529369  0.232266 -0.158808 -0.004595  0.182357   -0.374886     0.108165
DTW          -0.180215  0.536657  0.529369  1.000000  0.782311 -0.131557  0.030455  0.248301   -0.667980     0.636289
nDTW         -0.189446  0.176840  0.232266  0.782311  1.000000 -0.050552 -0.018737  0.145818   -0.563928     0.743384
bleu          0.143653 -0.145398 -0.158808 -0.131557 -0.050552  1.000000  0.544023  0.023018    0.229985     0.100072
chrf         -0.025402  0.016808 -0.004595  0.030455 -0.018737  0.544023  1.000000  0.142422    0.079475    -0.062161
bleurt        0.062402  0.205045  0.182357  0.248301  0.145818  0.023018  0.142422  1.000000   -0.024490     0.153632
likelihood    0.302617 -0.354937 -0.374886 -0.667980 -0.563928  0.229985  0.079475 -0.024490    1.000000    -0.361705
vae_l2_mean  -0.046478  0.095874  0.108165  0.636289  0.743384  0.100072 -0.062161  0.153632   -0.361705     1.000000
spearman correlation
             score_avg      nMSE      nAPE       DTW      nDTW      bleu      chrf    bleurt  likelihood  vae_l2_mean
score_avg     1.000000 -0.030113 -0.059402 -0.193372 -0.238487 -0.014185 -0.096473  0.080480    0.313265    -0.025534
nMSE         -0.030113  1.000000  0.930069  0.542718  0.146583 -0.094750  0.041122  0.151611   -0.321872     0.169829
nAPE         -0.059402  0.930069  1.000000  0.506451  0.217474 -0.065674  0.012907  0.089352   -0.325833     0.174569
DTW          -0.193372  0.542718  0.506451  1.000000  0.702130 -0.054211  0.050405  0.209897   -0.589775     0.624878
nDTW         -0.238487  0.146583  0.217474  0.702130  1.000000 -0.060884 -0.061327  0.072154   -0.563036     0.638716
bleu         -0.014185 -0.094750 -0.065674 -0.054211 -0.060884  1.000000  0.479031  0.090219    0.220495     0.151439
chrf         -0.096473  0.041122  0.012907  0.050405 -0.061327  0.479031  1.000000  0.092869    0.137121    -0.104771
bleurt        0.080480  0.151611  0.089352  0.209897  0.072154  0.090219  0.092869  1.000000    0.032320     0.160480
likelihood    0.313265 -0.321872 -0.325833 -0.589775 -0.563036  0.220495  0.137121  0.032320    1.000000    -0.303678
vae_l2_mean  -0.025534  0.169829  0.174569  0.624878  0.638716  0.151439 -0.104771  0.160480   -0.303678     1.000000
===============================
System: sign_mt
metrics
    score_avg      nMSE      nAPE         DTW        nDTW  bleu   chrf     bleurt  likelihood  vae_l2_mean
0   24.333333  0.273817  0.382169   29.528956    9.688654  5.52  13.24   7.714844  -40.439995     0.937198
1   17.833333  0.446470  0.547329  167.005178  114.536098  0.10   0.62  29.492188  -44.033276     1.232576
2   17.833333  0.312168  0.461507  101.807065   44.491357  0.00   5.95  16.699219  -54.100147     1.488887
3   27.333333  0.313695  0.466394   66.834528   31.788491  0.25  10.55  20.019531  -31.633703     1.275875
4   19.666667  0.376536  0.541138   59.534238   27.528211  0.10   0.29  19.628906  -44.859970     1.068815
..        ...       ...       ...         ...         ...   ...    ...        ...         ...          ...
95  23.833333  0.103119  0.165605   24.321698   14.556950  6.27  36.88  32.031250  -40.121944     0.992660
96   7.333333  0.299708  0.455773   77.927934   41.754220  0.00   0.87  42.968750  -81.003548     1.880202
97  21.500000  0.372537  0.519317  100.677899   39.417495  0.47   9.97  46.484375  -64.452591     1.800170
98  30.500000  0.327271  0.459119   39.726413   17.132897  7.81  17.15  16.601562  -38.731033     0.846907
99  27.666667  0.323507  0.478950   59.786651   26.492810  5.09  19.99  34.375000  -32.030094     0.938780

[100 rows x 10 columns]
        score_avg         nMSE        nAPE          DTW        nDTW        bleu        chrf      bleurt  likelihood  vae_l2_mean
count  100.000000   100.000000  100.000000   100.000000  100.000000  100.000000  100.000000  100.000000  100.000000   100.000000
mean    22.585000    94.429182    0.661224   109.835342   26.111551    3.453500   14.508800   25.449219  -41.665616     1.220705
std     10.889649   662.530159    1.445572   377.279537   15.674836    5.541041   13.058962   12.881604   18.760308     0.313649
min      6.500000     0.103119    0.165605     8.180814    4.680483    0.000000    0.000000    7.324219 -102.366966     0.461164
25%     14.416667     0.290618    0.430751    36.020832   16.970014    0.117500    4.140000   16.162109  -50.407099     0.985196
50%     21.083333     0.327084    0.470122    51.105269   22.955356    1.180000   10.685000   23.486328  -39.011368     1.203061
75%     27.791667     0.365327    0.520967    77.610699   31.851943    5.160000   23.755000   32.275391  -28.757339     1.372359
max     61.000000  4878.074683   11.196659  3229.757599  114.536098   32.560000   53.370000   73.437500  -11.052732     2.165654

pearson correlation
             score_avg      nMSE      nAPE       DTW      nDTW      bleu      chrf    bleurt  likelihood  vae_l2_mean
score_avg     1.000000  0.009839 -0.005030 -0.049649 -0.293158  0.408628  0.449783  0.304546    0.523333    -0.399529
nMSE          0.009839  1.000000  0.998146  0.980508 -0.150802  0.139886  0.080589 -0.037857    0.082865    -0.122560
nAPE         -0.005030  0.998146  1.000000  0.984304 -0.119239  0.118053  0.062128 -0.043939    0.055996    -0.108086
DTW          -0.049649  0.980508  0.984304  1.000000 -0.065851  0.106725  0.067087 -0.032614    0.011193    -0.048965
nDTW         -0.293158 -0.150802 -0.119239 -0.065851  1.000000 -0.316403 -0.358341 -0.098310   -0.557309     0.495713
bleu          0.408628  0.139886  0.118053  0.106725 -0.316403  1.000000  0.778988  0.414761    0.442356    -0.223616
chrf          0.449783  0.080589  0.062128  0.067087 -0.358341  0.778988  1.000000  0.479235    0.426507    -0.264495
bleurt        0.304546 -0.037857 -0.043939 -0.032614 -0.098310  0.414761  0.479235  1.000000    0.116801    -0.024421
likelihood    0.523333  0.082865  0.055996  0.011193 -0.557309  0.442356  0.426507  0.116801    1.000000    -0.492550
vae_l2_mean  -0.399529 -0.122560 -0.108086 -0.048965  0.495713 -0.223616 -0.264495 -0.024421   -0.492550     1.000000
spearman correlation
             score_avg      nMSE      nAPE       DTW      nDTW      bleu      chrf    bleurt  likelihood  vae_l2_mean
score_avg     1.000000 -0.115413 -0.153418 -0.320242 -0.358103  0.185455  0.315757  0.150072    0.560513    -0.491369
nMSE         -0.115413  1.000000  0.951767  0.735086  0.486949 -0.179939 -0.125030 -0.000372   -0.329733     0.102058
nAPE         -0.153418  0.951767  1.000000  0.803288  0.558716 -0.236675 -0.187545 -0.017427   -0.395380     0.107915
DTW          -0.320242  0.735086  0.803288  1.000000  0.800600 -0.185256 -0.221533 -0.005947   -0.602184     0.450585
nDTW         -0.358103  0.486949  0.558716  0.800600  1.000000 -0.338028 -0.403677 -0.101244   -0.645365     0.569085
bleu          0.185455 -0.179939 -0.236675 -0.185256 -0.338028  1.000000  0.781456  0.290045    0.388929    -0.148248
chrf          0.315757 -0.125030 -0.187545 -0.221533 -0.403677  0.781456  1.000000  0.396599    0.414058    -0.284210
bleurt        0.150072 -0.000372 -0.017427 -0.005947 -0.101244  0.290045  0.396599  1.000000    0.134466    -0.069961
likelihood    0.560513 -0.329733 -0.395380 -0.602184 -0.645365  0.388929  0.414058  0.134466    1.000000    -0.514707
vae_l2_mean  -0.491369  0.102058  0.107915  0.450585  0.569085 -0.148248 -0.284210 -0.069961   -0.514707     1.000000
===============================
System: sign_mt_v2
metrics
    score_avg          nMSE       nAPE         DTW       nDTW  bleu   chrf     bleurt  likelihood  vae_l2_mean
0   24.333333      0.273817   0.382169   29.528956   9.688654  5.52  13.24   7.714844  -40.439995     0.937198
1   17.833333      0.259905   0.359530   12.774242   9.580727  0.00   4.48  23.046875  -36.619873     1.232576
2   17.833333  10255.739833  23.295965  873.170752  21.895348  4.51  22.61  32.617188  -64.961563     1.488887
3   27.333333      0.243830   0.338067   31.329334  13.397774  6.48  16.61  31.640625  -33.404659     1.275875
4   19.666667      0.102032   0.171947   14.624536   8.260523  0.00   5.47   4.052734  -52.755688     1.068815
..        ...           ...        ...         ...        ...   ...    ...        ...         ...          ...
95  23.833333      0.103119   0.165605   24.321698  14.556950  6.27  36.88  32.031250  -40.121944     0.992660
96   7.333333      0.197355   0.296624   31.746256  22.612524  3.82   8.06  11.669922  -76.952858     1.880202
97  21.500000      0.220510   0.298593   33.094386  18.975551  2.79  15.18   9.472656  -66.047554     1.800170
98  30.500000      0.131962   0.184289   17.702076  10.955890  9.65  19.92  23.242188  -32.352859     0.846907
99  27.666667      0.167762   0.264288   21.861357  11.328177  5.09  17.84  19.433594  -35.191864     0.938780

[100 rows x 10 columns]
        score_avg          nMSE        nAPE          DTW        nDTW        bleu        chrf      bleurt  likelihood  vae_l2_mean
count  100.000000    100.000000  100.000000   100.000000  100.000000  100.000000  100.000000  100.000000  100.000000   100.000000
mean    22.585000    883.665654    2.291130   310.527864   14.477376    5.971000   20.798400   27.492188  -41.928184     1.220705
std     10.889649   2732.738326    6.117552   872.995448    5.938983    5.935738   12.185658   15.361669   18.994173     0.313649
min      6.500000      0.094467    0.165605     7.745475    4.680483    0.000000    0.890000    3.955078  -97.540657     0.461164
25%     14.416667      0.185465    0.265324    18.371565   10.357639    1.712500   11.865000   17.163086  -51.236406     0.985196
50%     21.083333      0.246498    0.351046    26.376781   13.363063    4.935000   19.265000   24.804688  -39.705452     1.203061
75%     27.791667      0.306465    0.433833    38.019185   17.102120    7.575000   28.872500   33.691406  -28.169993     1.372359
max     61.000000  14305.181883   32.474965  4458.103719   38.517213   32.560000   53.370000   76.562500  -10.765710     2.165654

pearson correlation
             score_avg      nMSE      nAPE       DTW      nDTW      bleu      chrf    bleurt  likelihood  vae_l2_mean
score_avg     1.000000 -0.133080 -0.131539 -0.155045 -0.163565  0.268029  0.327243  0.298281    0.533257    -0.399529
nMSE         -0.133080  1.000000  0.999880  0.699695  0.090597  0.024911  0.022945 -0.040910   -0.029304     0.261192
nAPE         -0.131539  0.999880  1.000000  0.698029  0.093633  0.024719  0.024804 -0.039986   -0.029889     0.262744
DTW          -0.155045  0.699695  0.698029  1.000000  0.222914  0.058105  0.102112  0.009278   -0.050473     0.329254
nDTW         -0.163565  0.090597  0.093633  0.222914  1.000000 -0.063922  0.082785 -0.012521   -0.496533     0.644385
bleu          0.268029  0.024911  0.024719  0.058105 -0.063922  1.000000  0.725101  0.371352    0.376586    -0.209227
chrf          0.327243  0.022945  0.024804  0.102112  0.082785  0.725101  1.000000  0.428632    0.364457    -0.119954
bleurt        0.298281 -0.040910 -0.039986  0.009278 -0.012521  0.371352  0.428632  1.000000    0.300608    -0.194839
likelihood    0.533257 -0.029304 -0.029889 -0.050473 -0.496533  0.376586  0.364457  0.300608    1.000000    -0.490124
vae_l2_mean  -0.399529  0.261192  0.262744  0.329254  0.644385 -0.209227 -0.119954 -0.194839   -0.490124     1.000000
spearman correlation
             score_avg      nMSE      nAPE       DTW      nDTW      bleu      chrf    bleurt  likelihood  vae_l2_mean
score_avg     1.000000 -0.037081 -0.044816 -0.137953 -0.228485  0.186234  0.235591  0.266955    0.557357    -0.491369
nMSE         -0.037081  1.000000  0.985047  0.707747  0.341590 -0.061959  0.006073  0.136262   -0.160384     0.221806
nAPE         -0.044816  0.985047  1.000000  0.692169  0.318032 -0.076158 -0.012973  0.108766   -0.179802     0.215242
DTW          -0.137953  0.707747  0.692169  1.000000  0.682988 -0.003002  0.098440  0.079506   -0.299250     0.433615
nDTW         -0.228485  0.341590  0.318032  0.682988  1.000000 -0.036335  0.109013  0.043806   -0.418350     0.597900
bleu          0.186234 -0.061959 -0.076158 -0.003002 -0.036335  1.000000  0.727029  0.309448    0.330982    -0.240583
chrf          0.235591  0.006073 -0.012973  0.098440  0.109013  0.727029  1.000000  0.377933    0.334961    -0.130261
bleurt        0.266955  0.136262  0.108766  0.079506  0.043806  0.309448  0.377933  1.000000    0.333858    -0.185061
likelihood    0.557357 -0.160384 -0.179802 -0.299250 -0.418350  0.330982  0.334961  0.333858    1.000000    -0.525149
vae_l2_mean  -0.491369  0.221806  0.215242  0.433615  0.597900 -0.240583 -0.130261 -0.185061   -0.525149     1.000000
===============================
System: aggregated
metrics
    score_avg      nMSE      nAPE        DTW       nDTW  bleu   chrf     bleurt  likelihood  vae_l2_mean
0    2.500000  0.330491  0.339605  31.368112   9.139544  6.57  16.98  14.843750  -47.499249     1.247443
1    2.666667  0.281560  0.336028  14.726807   7.520980  6.87   9.96  13.085938  -36.581486     0.730125
2    2.166667  0.139974  0.235616  38.167863  29.165213  0.48  11.56  64.843750  -78.595978     1.462510
3    2.000000  0.162790  0.205588  20.450370  11.092957  5.80  15.44  20.996094  -45.255180     0.916950
4    4.666667  0.135761  0.218089  14.613753   7.787875  0.00   1.16   6.884766  -43.712204     0.743485
..        ...       ...       ...        ...        ...   ...    ...        ...         ...          ...
95  23.833333  0.103119  0.165605  24.321698  14.556950  6.27  36.88  32.031250  -40.121944     0.992660
96   7.333333  0.197355  0.296624  31.746256  22.612524  3.82   8.06  11.669922  -76.952858     1.880202
97  21.500000  0.220510  0.298593  33.094386  18.975551  2.79  15.18   9.472656  -66.047554     1.800170
98  30.500000  0.131962  0.184289  17.702076  10.955890  9.65  19.92  23.242188  -32.352859     0.846907
99  27.666667  0.167762  0.264288  21.861357  11.328177  5.09  17.84  19.433594  -35.191864     0.938780

[300 rows x 10 columns]
        score_avg          nMSE        nAPE          DTW        nDTW        bleu        chrf      bleurt  likelihood  vae_l2_mean
count  300.000000    300.000000  300.000000   300.000000  300.000000  300.000000  300.000000  300.000000  300.000000   300.000000
mean    16.483333    326.103187    1.075125   149.208549   18.539367    4.169033   15.857667   25.507650  -45.205504     1.166654
std     12.566017   1665.957494    3.721979   560.092046   11.945257    5.033116   11.210830   13.229872   19.015352     0.292936
min      1.833333      0.031863    0.087782     7.745475    4.444975    0.000000    0.000000    2.929688 -105.054024     0.461164
25%      4.500000      0.190113    0.259164    21.822180   10.908684    0.437500    7.622500   16.577148  -55.593404     0.942413
50%     14.583333      0.269956    0.358545    31.092116   15.472593    3.395000   13.555000   23.535156  -43.636456     1.143096
75%     24.416667      0.334564    0.466433    48.333398   22.252477    5.670000   21.787500   32.080078  -31.854433     1.315670
max     61.000000  14305.181883   32.474965  4458.103719  114.536098   32.560000   53.370000   76.562500  -10.765710     2.165654

pearson correlation
             score_avg      nMSE      nAPE       DTW      nDTW      bleu      chrf    bleurt  likelihood  vae_l2_mean
score_avg     1.000000  0.033789  0.042047  0.026800 -0.002997  0.331615  0.407459  0.260481    0.503320    -0.069016
nMSE          0.033789  1.000000  0.999473  0.729046 -0.049911  0.097042  0.101794 -0.004129    0.028949     0.170828
nAPE          0.042047  0.999473  1.000000  0.727223 -0.033068  0.091929  0.099686 -0.002481    0.025748     0.178758
DTW           0.026800  0.729046  0.727223  1.000000  0.014913  0.114732  0.143399  0.024913    0.010912     0.213426
nDTW         -0.002997 -0.049911 -0.033068  0.014913  1.000000 -0.218617 -0.212374 -0.021231   -0.380064     0.516595
bleu          0.331615  0.097042  0.091929  0.114732 -0.218617  1.000000  0.754740  0.347212    0.376679    -0.123561
chrf          0.407459  0.101794  0.099686  0.143399 -0.212374  0.754740  1.000000  0.412882    0.359590    -0.102211
bleurt        0.260481 -0.004129 -0.002481  0.024913 -0.021231  0.347212  0.412882  1.000000    0.172241    -0.031407
likelihood    0.503320  0.028949  0.025748  0.010912 -0.380064  0.376679  0.359590  0.172241    1.000000    -0.359363
vae_l2_mean  -0.069016  0.170828  0.178758  0.213426  0.516595 -0.123561 -0.102211 -0.031407   -0.359363     1.000000
spearman correlation
             score_avg      nMSE      nAPE       DTW      nDTW      bleu      chrf    bleurt  likelihood  vae_l2_mean
score_avg     1.000000  0.249242  0.351843  0.125675  0.045599  0.170702  0.255994  0.172776    0.522403    -0.008665
nMSE          0.249242  1.000000  0.954951  0.763319  0.462703 -0.179891 -0.075353  0.112016   -0.121715     0.252452
nAPE          0.351843  0.954951  1.000000  0.780514  0.518823 -0.175309 -0.085396  0.083628   -0.074590     0.292565
DTW           0.125675  0.763319  0.780514  1.000000  0.767672 -0.149780 -0.086010  0.066469   -0.291726     0.504233
nDTW          0.045599  0.462703  0.518823  0.767672  1.000000 -0.203345 -0.171775 -0.000365   -0.368303     0.589540
bleu          0.170702 -0.179891 -0.175309 -0.149780 -0.203345  1.000000  0.748796  0.264474    0.304231    -0.086621
chrf          0.255994 -0.075353 -0.085396 -0.086010 -0.171775  0.748796  1.000000  0.333570    0.325584    -0.126289
bleurt        0.172776  0.112016  0.083628  0.066469 -0.000365  0.264474  0.333570  1.000000    0.195193    -0.023663
likelihood    0.522403 -0.121715 -0.074590 -0.291726 -0.368303  0.304231  0.325584  0.195193    1.000000    -0.348457
vae_l2_mean  -0.008665  0.252452  0.292565  0.504233  0.589540 -0.086621 -0.126289 -0.023663   -0.348457     1.000000
===============================
