Processing file: L2_across_time_averaged_over_dims_20_radius.csv
Processing file: L2_across_time_averaged_over_dims_200_radius.csv
Processing file: L2_across_time_averaged_over_dims_175_radius.csv
Processing file: L2_across_time_averaged_over_dims_0_radius.csv
Processing file: L2_across_time_averaged_over_dims_60_radius.csv
Processing file: L2_across_time_averaged_over_dims_100_radius.csv
Processing file: L2_across_time_averaged_over_dims_80_radius.csv
Processing file: L2_across_time_averaged_over_dims_125_radius.csv
Processing file: L2_across_time_averaged_over_dims_40_radius.csv
Processing file: L2_across_time_averaged_over_dims_300_radius.csv
Processing file: L2_across_time_averaged_over_dims_150_radius.csv
                data   system  example_id source target      nMSE      nAPE         DTW       nDTW  SegDiff  SegnAPERecall  SegnDTWRecall  bleu   chrf     bleurt  likelihood  vae_20_radius  vae_200_radius  vae_175_radius  vae_0_radius  vae_60_radius  vae_100_radius  vae_80_radius  vae_125_radius  vae_40_radius  vae_300_radius  vae_150_radius
0    signsuisse_test  sockeye           0    fra    fsl  0.702822  0.678611  115.102452  54.851332        1       0.363125       2.963136  0.00   0.00  -5.273438 -154.667877       1.506092        1.506092        1.506092      1.406100       1.506092        1.506092       1.506092        1.506092       1.506092        1.506092        1.506092
1    signsuisse_test  sockeye           1    ita    lse  0.134878  0.211918   48.781671  13.990585        3       0.312998       2.003673  5.67  15.64  16.699219  -99.059204       0.915824        0.915824        0.915824      0.911147       0.915824        0.915824       0.915824        0.915824       0.915824        0.915824        0.915824
2    signsuisse_test  sockeye           2    fra    fsl  0.351437  0.372705   54.107125  35.438401        1       0.392148       3.428758  5.52   8.91   8.789062  -55.671902       2.448453        2.448453        2.448453      2.436575       2.448453        2.448453       2.448453        2.448453       2.448453        2.448453        2.448453
3    signsuisse_test  sockeye           3    fra    fsl  0.448312  0.543382  116.559027  95.271945        6       0.448972      15.818996  0.00   7.43   1.562500 -116.858551       1.606353        1.606353        1.606353      1.644200       1.606353        1.606353       1.606353        1.606353       1.606353        1.606353        1.606353
4    signsuisse_test  sockeye           4    ita    lse  0.336992  0.426151   57.560383  37.588794        5       0.443176       7.412794  5.52  14.85  30.468750  -67.689125       1.133613        1.133613        1.133613      1.154123       1.133613        1.133613       1.133613        1.133613       1.133613        1.133613        1.133613
..               ...      ...         ...    ...    ...       ...       ...         ...        ...      ...            ...            ...   ...    ...        ...         ...            ...             ...             ...           ...            ...             ...            ...             ...            ...             ...             ...
995  signsuisse_test  sockeye         995    ita    lse  0.934171  0.763611   76.196894  46.369019        4       0.399985       4.844266  4.92  14.00   9.472656 -116.457260       1.580243        1.580243        1.580243      1.305094       1.580243        1.580243       1.580243        1.580243       1.580243        1.580243        1.580243
996  signsuisse_test  sockeye         996    fra    fsl  0.407063  0.485807   49.322507  29.556423        4       0.531214       5.360789  8.12  12.55   6.250000  -50.067398       1.221854        1.221854        1.221854      1.221854       1.221854        1.221854       1.221854        1.221854       1.221854        1.221854        1.221854
997  signsuisse_test  sockeye         997    fra    fsl  0.467576  0.502023   70.231007  41.019930        7       0.393126       5.656321  0.00   6.08  12.109375 -120.080635       1.501916        1.501916        1.501916      1.501937       1.501916        1.501916       1.501916        1.501916       1.501916        1.501916        1.501916
998  signsuisse_test  sockeye         998    ita    lse  0.326254  0.399234   71.502048  26.526940        5       0.437940       3.704608  4.77  10.44  17.285156  -73.012962       1.216161        1.216161        1.216161      1.233819       1.216161        1.216161       1.216161        1.216161       1.216161        1.216161        1.216161
999  signsuisse_test  sockeye         999    fra    fsl  0.478005  0.513411   50.925855  24.289138        3       0.287923       3.480912  3.39  16.32  -3.613281 -184.328583       1.092819        1.092819        1.092819      1.092819       1.092819        1.092819       1.092819        1.092819       1.092819        1.092819        1.092819

[1000 rows x 27 columns]
Processing file: L2_across_time_averaged_over_dims_20_radius.csv
Processing file: L2_across_time_averaged_over_dims_200_radius.csv
Processing file: L2_across_time_averaged_over_dims_175_radius.csv
Processing file: L2_across_time_averaged_over_dims_0_radius.csv
Processing file: L2_across_time_averaged_over_dims_60_radius.csv
Processing file: L2_across_time_averaged_over_dims_100_radius.csv
Processing file: L2_across_time_averaged_over_dims_80_radius.csv
Processing file: L2_across_time_averaged_over_dims_125_radius.csv
Processing file: L2_across_time_averaged_over_dims_40_radius.csv
Processing file: L2_across_time_averaged_over_dims_300_radius.csv
Processing file: L2_across_time_averaged_over_dims_150_radius.csv
                data   system  example_id source target      nMSE      nAPE           DTW       nDTW   bleu   chrf     bleurt  likelihood  vae_20_radius  vae_200_radius  vae_175_radius  vae_0_radius  vae_60_radius  vae_100_radius  vae_80_radius  vae_125_radius  vae_40_radius  vae_300_radius  vae_150_radius
0    signsuisse_test  sign_mt           0    fra    fsl  0.444809  0.575303   5064.714757  48.852312   1.31  27.13   4.736328 -153.266495       1.410719        1.410719        1.410719      1.876792       1.410719        1.410719       1.410719        1.410719       1.410719        1.410719        1.410719
1    signsuisse_test  sign_mt           1    ita    lse  0.491592  0.628859  14058.226159  37.704639   5.52  14.24  10.839844  -68.908737       1.148287        1.148287        1.148287      1.126099       1.148287        1.148287       1.148287        1.148287       1.148287        1.148287        1.148287
2    signsuisse_test  sign_mt           2    fra    fsl  0.324372  0.432306  29905.024244  23.287919   5.52  17.93   8.544922  -32.728382       3.139430        3.139430        3.139430      3.139430       3.139430        3.139430       3.139430        3.139430       3.139430        3.139430        3.139430
3    signsuisse_test  sign_mt           3    fra    fsl  0.345406  0.417047  31038.533233  62.643321   2.84  14.19  19.433594  -86.992043       2.450703        2.450703        2.450703      2.676097       2.450703        2.450703       2.450703        2.450703       2.450703        2.450703        2.450703
4    signsuisse_test  sign_mt           4    ita    lse  0.384049  0.514089  15937.347824  39.344789  12.41  25.71  16.894531  -56.258118       1.205729        1.205729        1.205729      1.255451       1.205729        1.205729       1.205729        1.205729       1.205729        1.205729        1.205729
..               ...      ...         ...    ...    ...       ...       ...           ...        ...    ...    ...        ...         ...            ...             ...             ...           ...            ...             ...            ...             ...            ...             ...             ...
995  signsuisse_test  sign_mt         995    ita    lse  0.307304  0.449029  14513.432991  29.880790   3.13  30.57  22.265625  -70.522652       1.177651        1.177651        1.177651      1.199437       1.177651        1.177651       1.177651        1.177651       1.177651        1.177651        1.177651
996  signsuisse_test  sign_mt         996    fra    fsl  0.293993  0.403382  21181.336289  20.013940  14.54  35.53  35.156250  -19.769157       1.192758        1.192758        1.192758      1.316594       1.192758        1.192758       1.192758        1.192758       1.192758        1.192758        1.192758
997  signsuisse_test  sign_mt         997    fra    fsl  0.421282  0.546129  28654.120163  56.133684   1.34  12.47  56.640625  -44.895649       1.908431        1.908431        1.908431      1.748467       1.908431        1.908431       1.908431        1.908431       1.908431        1.908431        1.908431
998  signsuisse_test  sign_mt         998    ita    lse  0.427321  0.547363   9088.651758  40.706190   1.18  11.74  27.148438  -70.910904       1.064494        1.064494        1.064494      1.348328       1.064494        1.064494       1.064494        1.064494       1.064494        1.064494        1.064494
999  signsuisse_test  sign_mt         999    fra    fsl  0.383809  0.480933   3447.094623  18.088491   3.72  27.04   9.765625  -68.822830       1.140457        1.140457        1.140457      1.221939       1.140457        1.140457       1.140457        1.140457       1.140457        1.140457        1.140457

[1000 rows x 24 columns]
System: ref
human_scores
     score_dsgs02  score_dsgs03  score_dsgs04  score_dsgs05  score_dsgs06  score_dsgs07  score_avg
400          84.0          85.0          84.0          67.0          99.0          94.0  85.500000
401           2.0          67.0          67.0          50.0          33.0         100.0  53.166667
402          50.0          79.0          68.0          33.0          67.0          92.0  64.833333
403          68.0          85.0          67.0          50.0          99.0          93.0  77.000000
404          67.0          85.0          33.0          67.0          50.0         100.0  67.000000
..            ...           ...           ...           ...           ...           ...        ...
495          86.0          83.0          68.0          43.0          50.0          92.0  70.333333
496          99.0          68.0          85.0          49.0          16.0          92.0  68.166667
497          67.0          88.0         100.0          50.0          68.0         100.0  78.833333
498          84.0          89.0          85.0          41.0          33.0         100.0  72.000000
499          99.0          77.0          85.0          67.0          99.0          67.0  82.333333

[100 rows x 7 columns]
       score_dsgs02  score_dsgs03  score_dsgs04  score_dsgs05  score_dsgs06  score_dsgs07   score_avg
count    100.000000    100.000000    100.000000    100.000000    100.000000    100.000000  100.000000
mean      74.900000     80.560000     77.700000     64.730000     58.150000     89.590000   74.271667
std       20.714266      8.647204     20.649798     16.356418     25.871233     16.133969   11.276239
min        2.000000     58.000000     17.000000     15.000000      0.000000     16.000000   37.500000
25%       67.000000     74.000000     67.000000     50.000000     33.000000     84.000000   67.333333
50%       84.000000     84.000000     84.000000     67.000000     67.000000    100.000000   77.250000
75%       87.000000     88.000000     99.000000     77.250000     68.000000    100.000000   82.333333
max      100.000000     92.000000    100.000000     85.000000    100.000000    100.000000   93.000000

pearson correlation
              score_dsgs02  score_dsgs03  score_dsgs04  score_dsgs05  score_dsgs06  score_dsgs07  score_avg
score_dsgs02      1.000000      0.064659      0.451699      0.291820      0.414225      0.221480   0.734049
score_dsgs03      0.064659      1.000000      0.257601      0.279891      0.197836      0.287866   0.438188
score_dsgs04      0.451699      0.257601      1.000000      0.210267      0.479785      0.153918   0.747428
score_dsgs05      0.291820      0.279891      0.210267      1.000000     -0.055450      0.303303   0.482171
score_dsgs06      0.414225      0.197836      0.479785     -0.055450      1.000000      0.048354   0.679053
score_dsgs07      0.221480      0.287866      0.153918      0.303303      0.048354      1.000000   0.481858
score_avg         0.734049      0.438188      0.747428      0.482171      0.679053      0.481858   1.000000
mean pearson correlation with others
score_dsgs02    0.453990
score_dsgs03    0.360863
score_dsgs04    0.471528
score_dsgs05    0.358857
score_dsgs06    0.394829
score_dsgs07    0.356683
score_avg       0.651821
dtype: float64

spearman correlation
              score_dsgs02  score_dsgs03  score_dsgs04  score_dsgs05  score_dsgs06  score_dsgs07  score_avg
score_dsgs02      1.000000      0.017563      0.374807      0.267502      0.417660      0.202125   0.708025
score_dsgs03      0.017563      1.000000      0.215535      0.259160      0.198143      0.235585   0.374713
score_dsgs04      0.374807      0.215535      1.000000      0.181967      0.432457      0.036755   0.623223
score_dsgs05      0.267502      0.259160      0.181967      1.000000     -0.001989      0.295572   0.463901
score_dsgs06      0.417660      0.198143      0.432457     -0.001989      1.000000      0.005430   0.704173
score_dsgs07      0.202125      0.235585      0.036755      0.295572      0.005430      1.000000   0.378220
score_avg         0.708025      0.374713      0.623223      0.463901      0.704173      0.378220   1.000000
mean spearman correlation with others
score_dsgs02    0.426812
score_dsgs03    0.328671
score_dsgs04    0.409249
score_dsgs05    0.352302
score_dsgs06    0.393696
score_dsgs07    0.307670
score_avg       0.607465
dtype: float64

===============================
System: sockeye
human_scores
    score_dsgs02  score_dsgs03  score_dsgs04  score_dsgs05  score_dsgs06  score_dsgs07  score_avg
0            3.0           8.0           0.0           0.0           0.0           4.0   2.500000
1            4.0           7.0           0.0           0.0           0.0           5.0   2.666667
2            5.0           6.0           0.0           0.0           0.0           2.0   2.166667
3            7.0           4.0           0.0           0.0           0.0           1.0   2.000000
4            3.0           6.0          16.0           0.0           0.0           3.0   4.666667
..           ...           ...           ...           ...           ...           ...        ...
95          11.0           4.0          16.0          15.0           0.0          17.0  10.500000
96           3.0           5.0           0.0           1.0           0.0           7.0   2.666667
97           2.0           5.0           0.0           1.0           0.0           8.0   2.666667
98           3.0           6.0           0.0           1.0           0.0           8.0   3.000000
99           2.0          10.0           0.0           1.0           0.0           9.0   3.666667

[100 rows x 7 columns]
       score_dsgs02  score_dsgs03  score_dsgs04  score_dsgs05  score_dsgs06  score_dsgs07   score_avg
count    100.000000    100.000000    100.000000    100.000000    100.000000    100.000000  100.000000
mean       4.060000      5.840000      2.440000      2.030000      0.650000     10.660000    4.280000
std        2.762739      1.968027      8.934464      3.565987      2.861712      7.857596    3.754599
min        2.000000      3.000000      0.000000      0.000000      0.000000      1.000000    1.833333
25%        3.000000      5.000000      0.000000      0.000000      0.000000      7.000000    2.666667
50%        3.000000      5.000000      0.000000      1.000000      0.000000      9.000000    3.083333
75%        4.000000      6.000000      0.000000      1.000000      0.000000     15.000000    4.500000
max       16.000000     16.000000     68.000000     16.000000     16.000000     68.000000   32.166667

pearson correlation
              score_dsgs02  score_dsgs03  score_dsgs04  score_dsgs05  score_dsgs06  score_dsgs07  score_avg
score_dsgs02      1.000000      0.544255      0.621343      0.602684      0.351471      0.497427   0.730161
score_dsgs03      0.544255      1.000000      0.584831      0.393622      0.397087      0.575179   0.699424
score_dsgs04      0.621343      0.584831      1.000000      0.590865      0.327668      0.692499   0.900589
score_dsgs05      0.602684      0.393622      0.590865      1.000000      0.271262      0.606715   0.747011
score_dsgs06      0.351471      0.397087      0.327668      0.271262      1.000000      0.408377   0.520159
score_dsgs07      0.497427      0.575179      0.692499      0.606715      0.408377      1.000000   0.882612
score_avg         0.730161      0.699424      0.900589      0.747011      0.520159      0.882612   1.000000
mean pearson correlation with others
score_dsgs02    0.621049
score_dsgs03    0.599200
score_dsgs04    0.673971
score_dsgs05    0.601737
score_dsgs06    0.468003
score_dsgs07    0.666115
score_avg       0.782851
dtype: float64

spearman correlation
              score_dsgs02  score_dsgs03  score_dsgs04  score_dsgs05  score_dsgs06  score_dsgs07  score_avg
score_dsgs02      1.000000      0.117299      0.346071      0.024781      0.199511      0.156067   0.338234
score_dsgs03      0.117299      1.000000      0.172665     -0.025073      0.291332      0.123680   0.330486
score_dsgs04      0.346071      0.172665      1.000000      0.275777      0.200944      0.243025   0.501049
score_dsgs05      0.024781     -0.025073      0.275777      1.000000      0.182605      0.461440   0.504707
score_dsgs06      0.199511      0.291332      0.200944      0.182605      1.000000      0.229422   0.333638
score_dsgs07      0.156067      0.123680      0.243025      0.461440      0.229422      1.000000   0.812027
score_avg         0.338234      0.330486      0.501049      0.504707      0.333638      0.812027   1.000000
mean spearman correlation with others
score_dsgs02    0.311709
score_dsgs03    0.287198
score_dsgs04    0.391361
score_dsgs05    0.346320
score_dsgs06    0.348207
score_dsgs07    0.432237
score_avg       0.545735
dtype: float64

metrics
    score_avg      nMSE      nAPE        DTW       nDTW  bleu   chrf     bleurt  likelihood  vae_20_radius  vae_200_radius  vae_175_radius  vae_0_radius  vae_60_radius  vae_100_radius  vae_80_radius  vae_125_radius  vae_40_radius  vae_300_radius  vae_150_radius
0    2.500000  0.847763  0.690967  65.225397  21.059861  6.57  16.98  14.843750  -47.499249       1.247443        1.247443        1.247443      1.247443       1.247443        1.247443       1.247443        1.247443       1.247443        1.247443        1.247443
1    2.666667  0.649494  0.631783  31.290048  13.044700  6.87   9.96  13.085938  -36.581486       0.730125        0.730125        0.730125      0.703940       0.730125        0.730125       0.730125        0.730125       0.730125        0.730125        0.730125
2    2.166667  0.289763  0.357706  72.238654  49.613751  0.48  11.56  64.843750  -78.595978       1.462510        1.462510        1.462510      1.464099       1.462510        1.462510       1.462510        1.462510       1.462510        1.462510        1.462510
3    2.000000  0.451358  0.476717  43.453963  18.039233  5.80  15.44  20.996094  -45.255180       0.916950        0.916950        0.916950      0.916950       0.916950        0.916950       0.916950        0.916950       0.916950        0.916950        0.916950
4    4.666667  0.255334  0.385241  35.155737  16.250593  0.00   1.16   6.884766  -43.712204       0.743485        0.743485        0.743485      0.834718       0.743485        0.743485       0.743485        0.743485       0.743485        0.743485        0.743485
..        ...       ...       ...        ...        ...   ...    ...        ...         ...            ...             ...             ...           ...            ...             ...            ...             ...            ...             ...             ...
95  10.500000  0.346659  0.413292  42.150857  22.553390  5.69  12.00  20.996094  -54.032887       1.008387        1.008387        1.008387      1.008387       1.008387        1.008387       1.008387        1.008387       1.008387        1.008387        1.008387
96   2.666667  0.332358  0.342191  72.780061  36.058838  2.45  13.10  13.183594  -70.166939       1.368934        1.368934        1.368934      1.368934       1.368934        1.368934       1.368934        1.368934       1.368934        1.368934        1.368934
97   2.666667  0.653101  0.591575  82.476221  22.296196  3.06  12.47  37.109375  -71.291336       1.022276        1.022276        1.022276      1.022276       1.022276        1.022276       1.022276        1.022276       1.022276        1.022276        1.022276
98   3.000000  0.257018  0.351788  45.349324  26.044249  4.77  13.45  12.500000  -59.230019       1.019375        1.019375        1.019375      1.019375       1.019375        1.019375       1.019375        1.019375       1.019375        1.019375        1.019375
99   3.666667  0.621739  0.605548  61.772990  13.381070  4.30  17.98  30.664062  -51.278877       0.870817        0.870817        0.870817      0.870817       0.870817        0.870817       0.870817        0.870817       0.870817        0.870817        0.870817

[100 rows x 20 columns]
        score_avg        nMSE        nAPE         DTW        nDTW        bleu       chrf      bleurt  likelihood  vae_20_radius  vae_200_radius  vae_175_radius  vae_0_radius  vae_60_radius  vae_100_radius  vae_80_radius  vae_125_radius  vae_40_radius  vae_300_radius  vae_150_radius
count  100.000000  100.000000  100.000000  100.000000  100.000000  100.000000  100.00000  100.000000  100.000000     100.000000      100.000000      100.000000    100.000000     100.000000      100.000000     100.000000      100.000000     100.000000      100.000000      100.000000
mean     4.280000    0.490098    0.501633   60.094829   29.546919    3.082600   12.26580   23.581543  -52.022713       1.058550        1.058550        1.058550      1.097311       1.058550        1.058550       1.058550        1.058550       1.058550        1.058550        1.058550
std      3.754599    0.238352    0.160409   24.392205   17.218805    2.362862    4.58621   10.907746   17.574907       0.211446        0.211446        0.211446      0.280077       0.211446        0.211446       0.211446        0.211446       0.211446        0.211446        0.211446
min      1.833333    0.080964    0.182479   30.045008   10.387863    0.000000    1.16000    2.929688 -105.054024       0.730125        0.730125        0.730125      0.703940       0.730125        0.730125       0.730125        0.730125       0.730125        0.730125        0.730125
25%      2.666667    0.310892    0.383665   42.780664   17.955461    0.480000    8.92250   15.771484  -62.044563       0.913589        0.913589        0.913589      0.924094       0.913589        0.913589       0.913589        0.913589       0.913589        0.913589        0.913589
50%      3.083333    0.455487    0.497992   55.329758   25.290388    3.430000   12.59500   21.386719  -49.831190       0.998677        0.998677        0.998677      1.012093       0.998677        0.998677       0.998677        0.998677       0.998677        0.998677        0.998677
75%      4.500000    0.650396    0.606325   68.315667   34.552610    4.770000   15.00500   29.150391  -40.395084       1.197149        1.197149        1.197149      1.207892       1.197149        1.197149       1.197149        1.197149       1.197149        1.197149        1.197149
max     32.166667    1.096893    0.865573  164.267519   98.436076    8.640000   32.77000   64.843750  -20.389688       1.738608        1.738608        1.738608      2.736058       1.738608        1.738608       1.738608        1.738608       1.738608        1.738608        1.738608

pearson correlation
                score_avg      nMSE      nAPE       DTW      nDTW      bleu      chrf    bleurt  likelihood  vae_20_radius  vae_200_radius  vae_175_radius  vae_0_radius  vae_60_radius  vae_100_radius  vae_80_radius  vae_125_radius  vae_40_radius  vae_300_radius  vae_150_radius
score_avg        1.000000 -0.013931 -0.127202 -0.159354 -0.195835  0.143653 -0.025402  0.062402    0.302617      -0.046478       -0.046478       -0.046478     -0.084554      -0.046478       -0.046478      -0.046478       -0.046478      -0.046478       -0.046478       -0.046478
nMSE            -0.013931  1.000000  0.965035  0.589862  0.342941 -0.087205  0.046064  0.184899   -0.335608       0.140831        0.140831        0.140831      0.243159       0.140831        0.140831       0.140831        0.140831       0.140831        0.140831        0.140831
nAPE            -0.127202  0.965035  1.000000  0.564877  0.347663 -0.102431  0.028702  0.144814   -0.357941       0.109237        0.109237        0.109237      0.226637       0.109237        0.109237       0.109237        0.109237       0.109237        0.109237        0.109237
DTW             -0.159354  0.589862  0.564877  1.000000  0.788839 -0.169651  0.029552  0.238846   -0.648856       0.602860        0.602860        0.602860      0.751145       0.602860        0.602860       0.602860        0.602860       0.602860        0.602860        0.602860
nDTW            -0.195835  0.342941  0.347663  0.788839  1.000000 -0.090731 -0.006652  0.192837   -0.559087       0.692746        0.692746        0.692746      0.732238       0.692746        0.692746       0.692746        0.692746       0.692746        0.692746        0.692746
bleu             0.143653 -0.087205 -0.102431 -0.169651 -0.090731  1.000000  0.544023  0.023018    0.229985       0.100072        0.100072        0.100072     -0.014385       0.100072        0.100072       0.100072        0.100072       0.100072        0.100072        0.100072
chrf            -0.025402  0.046064  0.028702  0.029552 -0.006652  0.544023  1.000000  0.142422    0.079475      -0.062161       -0.062161       -0.062161     -0.048226      -0.062161       -0.062161      -0.062161       -0.062161      -0.062161       -0.062161       -0.062161
bleurt           0.062402  0.184899  0.144814  0.238846  0.192837  0.023018  0.142422  1.000000   -0.024490       0.153632        0.153632        0.153632      0.137292       0.153632        0.153632       0.153632        0.153632       0.153632        0.153632        0.153632
likelihood       0.302617 -0.335608 -0.357941 -0.648856 -0.559087  0.229985  0.079475 -0.024490    1.000000      -0.361705       -0.361705       -0.361705     -0.511506      -0.361705       -0.361705      -0.361705       -0.361705      -0.361705       -0.361705       -0.361705
vae_20_radius   -0.046478  0.140831  0.109237  0.602860  0.692746  0.100072 -0.062161  0.153632   -0.361705       1.000000        1.000000        1.000000      0.876348       1.000000        1.000000       1.000000        1.000000       1.000000        1.000000        1.000000
vae_200_radius  -0.046478  0.140831  0.109237  0.602860  0.692746  0.100072 -0.062161  0.153632   -0.361705       1.000000        1.000000        1.000000      0.876348       1.000000        1.000000       1.000000        1.000000       1.000000        1.000000        1.000000
vae_175_radius  -0.046478  0.140831  0.109237  0.602860  0.692746  0.100072 -0.062161  0.153632   -0.361705       1.000000        1.000000        1.000000      0.876348       1.000000        1.000000       1.000000        1.000000       1.000000        1.000000        1.000000
vae_0_radius    -0.084554  0.243159  0.226637  0.751145  0.732238 -0.014385 -0.048226  0.137292   -0.511506       0.876348        0.876348        0.876348      1.000000       0.876348        0.876348       0.876348        0.876348       0.876348        0.876348        0.876348
vae_60_radius   -0.046478  0.140831  0.109237  0.602860  0.692746  0.100072 -0.062161  0.153632   -0.361705       1.000000        1.000000        1.000000      0.876348       1.000000        1.000000       1.000000        1.000000       1.000000        1.000000        1.000000
vae_100_radius  -0.046478  0.140831  0.109237  0.602860  0.692746  0.100072 -0.062161  0.153632   -0.361705       1.000000        1.000000        1.000000      0.876348       1.000000        1.000000       1.000000        1.000000       1.000000        1.000000        1.000000
vae_80_radius   -0.046478  0.140831  0.109237  0.602860  0.692746  0.100072 -0.062161  0.153632   -0.361705       1.000000        1.000000        1.000000      0.876348       1.000000        1.000000       1.000000        1.000000       1.000000        1.000000        1.000000
vae_125_radius  -0.046478  0.140831  0.109237  0.602860  0.692746  0.100072 -0.062161  0.153632   -0.361705       1.000000        1.000000        1.000000      0.876348       1.000000        1.000000       1.000000        1.000000       1.000000        1.000000        1.000000
vae_40_radius   -0.046478  0.140831  0.109237  0.602860  0.692746  0.100072 -0.062161  0.153632   -0.361705       1.000000        1.000000        1.000000      0.876348       1.000000        1.000000       1.000000        1.000000       1.000000        1.000000        1.000000
vae_300_radius  -0.046478  0.140831  0.109237  0.602860  0.692746  0.100072 -0.062161  0.153632   -0.361705       1.000000        1.000000        1.000000      0.876348       1.000000        1.000000       1.000000        1.000000       1.000000        1.000000        1.000000
vae_150_radius  -0.046478  0.140831  0.109237  0.602860  0.692746  0.100072 -0.062161  0.153632   -0.361705       1.000000        1.000000        1.000000      0.876348       1.000000        1.000000       1.000000        1.000000       1.000000        1.000000        1.000000
spearman correlation
                score_avg      nMSE      nAPE       DTW      nDTW      bleu      chrf    bleurt  likelihood  vae_20_radius  vae_200_radius  vae_175_radius  vae_0_radius  vae_60_radius  vae_100_radius  vae_80_radius  vae_125_radius  vae_40_radius  vae_300_radius  vae_150_radius
score_avg        1.000000 -0.046313 -0.079592 -0.168199 -0.189749 -0.014185 -0.096473  0.080480    0.313265      -0.025534       -0.025534       -0.025534     -0.048787      -0.025534       -0.025534      -0.025534       -0.025534      -0.025534       -0.025534       -0.025534
nMSE            -0.046313  1.000000  0.970333  0.644068  0.259886 -0.065782  0.064711  0.182377   -0.327945       0.200324        0.200324        0.200324      0.267819       0.200324        0.200324       0.200324        0.200324       0.200324        0.200324        0.200324
nAPE            -0.079592  0.970333  1.000000  0.608269  0.266655 -0.076216  0.043433  0.131706   -0.331665       0.151035        0.151035        0.151035      0.228107       0.151035        0.151035       0.151035        0.151035       0.151035        0.151035        0.151035
DTW             -0.168199  0.644068  0.608269  1.000000  0.611617 -0.084767  0.034510  0.229591   -0.569301       0.588479        0.588479        0.588479      0.626019       0.588479        0.588479       0.588479        0.588479       0.588479        0.588479        0.588479
nDTW            -0.189749  0.259886  0.266655  0.611617  1.000000 -0.080476 -0.076880  0.141283   -0.535290       0.685749        0.685749        0.685749      0.710135       0.685749        0.685749       0.685749        0.685749       0.685749        0.685749        0.685749
bleu            -0.014185 -0.065782 -0.076216 -0.084767 -0.080476  1.000000  0.479031  0.090219    0.220495       0.151439        0.151439        0.151439      0.124301       0.151439        0.151439       0.151439        0.151439       0.151439        0.151439        0.151439
chrf            -0.096473  0.064711  0.043433  0.034510 -0.076880  0.479031  1.000000  0.092869    0.137121      -0.104771       -0.104771       -0.104771     -0.092200      -0.104771       -0.104771      -0.104771       -0.104771      -0.104771       -0.104771       -0.104771
bleurt           0.080480  0.182377  0.131706  0.229591  0.141283  0.090219  0.092869  1.000000    0.032320       0.160480        0.160480        0.160480      0.175350       0.160480        0.160480       0.160480        0.160480       0.160480        0.160480        0.160480
likelihood       0.313265 -0.327945 -0.331665 -0.569301 -0.535290  0.220495  0.137121  0.032320    1.000000      -0.303678       -0.303678       -0.303678     -0.336742      -0.303678       -0.303678      -0.303678       -0.303678      -0.303678       -0.303678       -0.303678
vae_20_radius   -0.025534  0.200324  0.151035  0.588479  0.685749  0.151439 -0.104771  0.160480   -0.303678       1.000000        1.000000        1.000000      0.959160       1.000000        1.000000       1.000000        1.000000       1.000000        1.000000        1.000000
vae_200_radius  -0.025534  0.200324  0.151035  0.588479  0.685749  0.151439 -0.104771  0.160480   -0.303678       1.000000        1.000000        1.000000      0.959160       1.000000        1.000000       1.000000        1.000000       1.000000        1.000000        1.000000
vae_175_radius  -0.025534  0.200324  0.151035  0.588479  0.685749  0.151439 -0.104771  0.160480   -0.303678       1.000000        1.000000        1.000000      0.959160       1.000000        1.000000       1.000000        1.000000       1.000000        1.000000        1.000000
vae_0_radius    -0.048787  0.267819  0.228107  0.626019  0.710135  0.124301 -0.092200  0.175350   -0.336742       0.959160        0.959160        0.959160      1.000000       0.959160        0.959160       0.959160        0.959160       0.959160        0.959160        0.959160
vae_60_radius   -0.025534  0.200324  0.151035  0.588479  0.685749  0.151439 -0.104771  0.160480   -0.303678       1.000000        1.000000        1.000000      0.959160       1.000000        1.000000       1.000000        1.000000       1.000000        1.000000        1.000000
vae_100_radius  -0.025534  0.200324  0.151035  0.588479  0.685749  0.151439 -0.104771  0.160480   -0.303678       1.000000        1.000000        1.000000      0.959160       1.000000        1.000000       1.000000        1.000000       1.000000        1.000000        1.000000
vae_80_radius   -0.025534  0.200324  0.151035  0.588479  0.685749  0.151439 -0.104771  0.160480   -0.303678       1.000000        1.000000        1.000000      0.959160       1.000000        1.000000       1.000000        1.000000       1.000000        1.000000        1.000000
vae_125_radius  -0.025534  0.200324  0.151035  0.588479  0.685749  0.151439 -0.104771  0.160480   -0.303678       1.000000        1.000000        1.000000      0.959160       1.000000        1.000000       1.000000        1.000000       1.000000        1.000000        1.000000
vae_40_radius   -0.025534  0.200324  0.151035  0.588479  0.685749  0.151439 -0.104771  0.160480   -0.303678       1.000000        1.000000        1.000000      0.959160       1.000000        1.000000       1.000000        1.000000       1.000000        1.000000        1.000000
vae_300_radius  -0.025534  0.200324  0.151035  0.588479  0.685749  0.151439 -0.104771  0.160480   -0.303678       1.000000        1.000000        1.000000      0.959160       1.000000        1.000000       1.000000        1.000000       1.000000        1.000000        1.000000
vae_150_radius  -0.025534  0.200324  0.151035  0.588479  0.685749  0.151439 -0.104771  0.160480   -0.303678       1.000000        1.000000        1.000000      0.959160       1.000000        1.000000       1.000000        1.000000       1.000000        1.000000        1.000000
===============================
System: sign_mt
human_scores
    score_dsgs02  score_dsgs03  score_dsgs04  score_dsgs05  score_dsgs06  score_dsgs07  score_avg
0           33.0          16.0          33.0          15.0          16.0          33.0  24.333333
1           43.0          15.0          16.0           0.0           0.0          33.0  17.833333
2           43.0          16.0          33.0           0.0           0.0          15.0  17.833333
3           50.0          15.0          33.0          33.0           0.0          33.0  27.333333
4           43.0           8.0          33.0           1.0           0.0          33.0  19.666667
..           ...           ...           ...           ...           ...           ...        ...
95          31.0           3.0          34.0          10.0          32.0          33.0  23.833333
96          15.0           4.0          16.0           1.0           0.0           8.0   7.333333
97          20.0           9.0          33.0           1.0           0.0          66.0  21.500000
98          19.0           5.0          50.0           9.0          15.0          85.0  30.500000
99          23.0          27.0          33.0          16.0           0.0          67.0  27.666667

[100 rows x 7 columns]
       score_dsgs02  score_dsgs03  score_dsgs04  score_dsgs05  score_dsgs06  score_dsgs07   score_avg
count    100.000000    100.000000    100.000000    100.000000    100.000000    100.000000  100.000000
mean      30.780000     10.990000     33.670000      9.840000      7.700000     42.530000   22.585000
std       13.920104      9.360885     15.485448     10.827126     11.832586     29.302137   10.889649
min        9.000000      1.000000     15.000000      0.000000      0.000000      0.000000    6.500000
25%       18.750000      4.000000     17.000000      1.000000      0.000000     16.000000   14.416667
50%       31.000000      8.000000     33.000000      8.500000      0.000000     33.000000   21.083333
75%       43.000000     15.000000     34.000000     16.000000     16.000000     67.000000   27.791667
max       69.000000     50.000000     84.000000     50.000000     33.000000    100.000000   61.000000

pearson correlation
              score_dsgs02  score_dsgs03  score_dsgs04  score_dsgs05  score_dsgs06  score_dsgs07  score_avg
score_dsgs02      1.000000      0.358274      0.441827      0.529898      0.484007      0.070000   0.575948
score_dsgs03      0.358274      1.000000      0.367762      0.413885      0.373049      0.266747   0.562531
score_dsgs04      0.441827      0.367762      1.000000      0.629674      0.646145      0.558892   0.855830
score_dsgs05      0.529898      0.413885      0.629674      1.000000      0.576054      0.335434   0.741891
score_dsgs06      0.484007      0.373049      0.646145      0.576054      1.000000      0.341495   0.739409
score_dsgs07      0.070000      0.266747      0.558892      0.335434      0.341495      1.000000   0.751490
score_avg         0.575948      0.562531      0.855830      0.741891      0.739409      0.751490   1.000000
mean pearson correlation with others
score_dsgs02    0.494279
score_dsgs03    0.477464
score_dsgs04    0.642876
score_dsgs05    0.603834
score_dsgs06    0.594308
score_dsgs07    0.474865
score_avg       0.746729
dtype: float64

spearman correlation
              score_dsgs02  score_dsgs03  score_dsgs04  score_dsgs05  score_dsgs06  score_dsgs07  score_avg
score_dsgs02      1.000000      0.325651      0.380862      0.377445      0.430032      0.050830   0.481314
score_dsgs03      0.325651      1.000000      0.304695      0.352035      0.400303      0.283103   0.585713
score_dsgs04      0.380862      0.304695      1.000000      0.521076      0.547985      0.505282   0.764024
score_dsgs05      0.377445      0.352035      0.521076      1.000000      0.525444      0.309795   0.663883
score_dsgs06      0.430032      0.400303      0.547985      0.525444      1.000000      0.309090   0.679713
score_dsgs07      0.050830      0.283103      0.505282      0.309795      0.309090      1.000000   0.736979
score_avg         0.481314      0.585713      0.764024      0.663883      0.679713      0.736979   1.000000
mean spearman correlation with others
score_dsgs02    0.435162
score_dsgs03    0.464500
score_dsgs04    0.574846
score_dsgs05    0.535668
score_dsgs06    0.556081
score_dsgs07    0.456440
score_avg       0.701661
dtype: float64

metrics
    score_avg      nMSE      nAPE            DTW       nDTW  bleu   chrf     bleurt  likelihood  vae_20_radius  vae_200_radius  vae_175_radius  vae_0_radius  vae_60_radius  vae_100_radius  vae_80_radius  vae_125_radius  vae_40_radius  vae_300_radius  vae_150_radius
0   24.333333  0.291937  0.398838   12489.516298  11.585780  5.52  13.24   7.714844  -40.439995       0.937198        0.937198        0.937198      0.778792       0.937198        0.937198       0.937198        0.937198       0.937198        0.937198        0.937198
1   17.833333  0.396695  0.555496  133531.618730  30.793372  0.10   0.62  29.492188  -44.033276       1.232576        1.232576        1.232576      1.232576       1.232576        1.232576       1.232576        1.232576       1.232576        1.232576        1.232576
2   17.833333  0.427811  0.559353    9965.023232  45.056875  0.00   5.95  16.699219  -54.100147       1.488887        1.488887        1.488887      1.487758       1.488887        1.488887       1.488887        1.488887       1.488887        1.488887        1.488887
3   27.333333  0.240424  0.327758   13495.573007  12.330641  0.25  10.55  20.019531  -31.633703       1.275875        1.275875        1.275875      1.232018       1.275875        1.275875       1.275875        1.275875       1.275875        1.275875        1.275875
4   19.666667  0.350830  0.502634   64156.237918  13.795365  0.10   0.29  19.628906  -44.859970       1.068815        1.068815        1.068815      1.066138       1.068815        1.068815       1.068815        1.068815       1.068815        1.068815        1.068815
..        ...       ...       ...            ...        ...   ...    ...        ...         ...            ...             ...             ...           ...            ...             ...            ...             ...            ...             ...             ...
95  23.833333  0.103890  0.171156   23532.504916  15.310233  6.27  36.88  32.031250  -40.121944       0.992660        0.992660        0.992660      1.047038       0.992660        0.992660       0.992660        0.992660       0.992660        0.992660        0.992660
96   7.333333  0.329104  0.476208   99149.592831  39.983433  0.00   0.87  42.968750  -81.003548       1.880202        1.880202        1.880202      1.874071       1.880202        1.880202       1.880202        1.880202       1.880202        1.880202        1.880202
97  21.500000  0.345975  0.487867    9819.574551  26.722475  0.47   9.97  46.484375  -64.452591       1.906974        1.906974        1.906974      1.821643       1.906974        1.906974       1.906974        1.906974       1.906974        1.906974        1.906974
98  30.500000  0.149525  0.215558    5814.359512  13.844864  7.81  17.15  16.601562  -38.731033       0.846907        0.846907        0.846907      0.858624       0.846907        0.846907       0.846907        0.846907       0.846907        0.846907        0.846907
99  27.666667  0.334139  0.480044   63823.387177  23.407111  5.09  19.99  34.375000  -32.030094       0.938780        0.938780        0.938780      0.947853       0.938780        0.938780       0.938780        0.938780       0.938780        0.938780        0.938780

[100 rows x 20 columns]
        score_avg          nMSE        nAPE            DTW        nDTW        bleu        chrf      bleurt  likelihood  vae_20_radius  vae_200_radius  vae_175_radius  vae_0_radius  vae_60_radius  vae_100_radius  vae_80_radius  vae_125_radius  vae_40_radius  vae_300_radius  vae_150_radius
count  100.000000    100.000000  100.000000     100.000000  100.000000  100.000000  100.000000  100.000000  100.000000     100.000000      100.000000      100.000000    100.000000     100.000000      100.000000     100.000000      100.000000     100.000000      100.000000      100.000000
mean    22.585000    720.187188    1.099473   30109.886434   22.642902    3.453500   14.508800   25.449219  -41.665616       1.222129        1.222084        1.222084      1.241150       1.222084        1.222084       1.222084        1.222084       1.222129        1.222084        1.222084
std     10.889649   4328.178026    3.913077   30679.403323   11.681712    5.541041   13.058962   12.881604   18.760308       0.315523        0.315558        0.315558      0.329106       0.315558        0.315558       0.315558        0.315558       0.315523        0.315558        0.315558
min      6.500000      0.103890    0.171156    2235.359267    4.796350    0.000000    0.000000    7.324219 -102.366966       0.461164        0.461164        0.461164      0.461164       0.461164        0.461164       0.461164        0.461164       0.461164        0.461164        0.461164
25%     14.416667      0.284392    0.389038    6120.467457   14.422946    0.117500    4.140000   16.162109  -50.407099       0.985469        0.985196        0.985196      1.000234       0.985196        0.985196       0.985196        0.985196       0.985469        0.985196        0.985196
50%     21.083333      0.335971    0.474874   23913.680830   21.053665    1.180000   10.685000   23.486328  -39.011368       1.203061        1.203061        1.203061      1.232297       1.203061        1.203061       1.203061        1.203061       1.203061        1.203061        1.203061
75%     27.791667      0.388775    0.524504   43636.187041   26.893361    5.160000   23.755000   32.275391  -28.757339       1.372359        1.372359        1.372359      1.440582       1.372359        1.372359       1.372359        1.372359       1.372359        1.372359        1.372359
max     61.000000  29695.274948   27.208475  153672.776866   62.193267   32.560000   53.370000   73.437500  -11.052732       2.165654        2.165654        2.165654      2.426444       2.165654        2.165654       2.165654        2.165654       2.165654        2.165654        2.165654

pearson correlation
                score_avg      nMSE      nAPE       DTW      nDTW      bleu      chrf    bleurt  likelihood  vae_20_radius  vae_200_radius  vae_175_radius  vae_0_radius  vae_60_radius  vae_100_radius  vae_80_radius  vae_125_radius  vae_40_radius  vae_300_radius  vae_150_radius
score_avg        1.000000  0.004776  0.000255 -0.331852 -0.272111  0.408628  0.449783  0.304546    0.523333      -0.398064       -0.397947       -0.397947     -0.402623      -0.397947       -0.397947      -0.397947       -0.397947      -0.398064       -0.397947       -0.397947
nMSE             0.004776  1.000000  0.999667 -0.128084 -0.115621  0.124221  0.066131 -0.080740    0.078516      -0.104874       -0.104838       -0.104838     -0.107603      -0.104838       -0.104838      -0.104838       -0.104838      -0.104874       -0.104838       -0.104838
nAPE             0.000255  0.999667  1.000000 -0.122531 -0.101947  0.117284  0.060447 -0.082226    0.068007      -0.098893       -0.098858       -0.098858     -0.102164      -0.098858       -0.098858      -0.098858       -0.098858      -0.098893       -0.098858       -0.098858
DTW             -0.331852 -0.128084 -0.122531  1.000000  0.383103 -0.262649 -0.344725 -0.143014   -0.269496       0.365400        0.365263        0.365263      0.365756       0.365263        0.365263       0.365263        0.365263       0.365400        0.365263        0.365263
nDTW            -0.272111 -0.115621 -0.101947  0.383103  1.000000 -0.263053 -0.250024 -0.106345   -0.615703       0.594225        0.594085        0.594085      0.619053       0.594085        0.594085       0.594085        0.594085       0.594225        0.594085        0.594085
bleu             0.408628  0.124221  0.117284 -0.262649 -0.263053  1.000000  0.778988  0.414761    0.442356      -0.224813       -0.224700       -0.224700     -0.235252      -0.224700       -0.224700      -0.224700       -0.224700      -0.224813       -0.224700       -0.224700
chrf             0.449783  0.066131  0.060447 -0.344725 -0.250024  0.778988  1.000000  0.479235    0.426507      -0.265156       -0.264990       -0.264990     -0.257913      -0.264990       -0.264990      -0.264990       -0.264990      -0.265156       -0.264990       -0.264990
bleurt           0.304546 -0.080740 -0.082226 -0.143014 -0.106345  0.414761  0.479235  1.000000    0.116801      -0.020088       -0.019903       -0.019903     -0.067964      -0.019903       -0.019903      -0.019903       -0.019903      -0.020088       -0.019903       -0.019903
likelihood       0.523333  0.078516  0.068007 -0.269496 -0.615703  0.442356  0.426507  0.116801    1.000000      -0.493435       -0.493423       -0.493423     -0.480881      -0.493423       -0.493423      -0.493423       -0.493423      -0.493435       -0.493423       -0.493423
vae_20_radius   -0.398064 -0.104874 -0.098893  0.365400  0.594225 -0.224813 -0.265156 -0.020088   -0.493435       1.000000        0.999999        0.999999      0.969490       0.999999        0.999999       0.999999        0.999999       1.000000        0.999999        0.999999
vae_200_radius  -0.397947 -0.104838 -0.098858  0.365263  0.594085 -0.224700 -0.264990 -0.019903   -0.493423       0.999999        1.000000        1.000000      0.969498       1.000000        1.000000       1.000000        1.000000       0.999999        1.000000        1.000000
vae_175_radius  -0.397947 -0.104838 -0.098858  0.365263  0.594085 -0.224700 -0.264990 -0.019903   -0.493423       0.999999        1.000000        1.000000      0.969498       1.000000        1.000000       1.000000        1.000000       0.999999        1.000000        1.000000
vae_0_radius    -0.402623 -0.107603 -0.102164  0.365756  0.619053 -0.235252 -0.257913 -0.067964   -0.480881       0.969490        0.969498        0.969498      1.000000       0.969498        0.969498       0.969498        0.969498       0.969490        0.969498        0.969498
vae_60_radius   -0.397947 -0.104838 -0.098858  0.365263  0.594085 -0.224700 -0.264990 -0.019903   -0.493423       0.999999        1.000000        1.000000      0.969498       1.000000        1.000000       1.000000        1.000000       0.999999        1.000000        1.000000
vae_100_radius  -0.397947 -0.104838 -0.098858  0.365263  0.594085 -0.224700 -0.264990 -0.019903   -0.493423       0.999999        1.000000        1.000000      0.969498       1.000000        1.000000       1.000000        1.000000       0.999999        1.000000        1.000000
vae_80_radius   -0.397947 -0.104838 -0.098858  0.365263  0.594085 -0.224700 -0.264990 -0.019903   -0.493423       0.999999        1.000000        1.000000      0.969498       1.000000        1.000000       1.000000        1.000000       0.999999        1.000000        1.000000
vae_125_radius  -0.397947 -0.104838 -0.098858  0.365263  0.594085 -0.224700 -0.264990 -0.019903   -0.493423       0.999999        1.000000        1.000000      0.969498       1.000000        1.000000       1.000000        1.000000       0.999999        1.000000        1.000000
vae_40_radius   -0.398064 -0.104874 -0.098893  0.365400  0.594225 -0.224813 -0.265156 -0.020088   -0.493435       1.000000        0.999999        0.999999      0.969490       0.999999        0.999999       0.999999        0.999999       1.000000        0.999999        0.999999
vae_300_radius  -0.397947 -0.104838 -0.098858  0.365263  0.594085 -0.224700 -0.264990 -0.019903   -0.493423       0.999999        1.000000        1.000000      0.969498       1.000000        1.000000       1.000000        1.000000       0.999999        1.000000        1.000000
vae_150_radius  -0.397947 -0.104838 -0.098858  0.365263  0.594085 -0.224700 -0.264990 -0.019903   -0.493423       0.999999        1.000000        1.000000      0.969498       1.000000        1.000000       1.000000        1.000000       0.999999        1.000000        1.000000
spearman correlation
                score_avg      nMSE      nAPE       DTW      nDTW      bleu      chrf    bleurt  likelihood  vae_20_radius  vae_200_radius  vae_175_radius  vae_0_radius  vae_60_radius  vae_100_radius  vae_80_radius  vae_125_radius  vae_40_radius  vae_300_radius  vae_150_radius
score_avg        1.000000 -0.113210 -0.149955 -0.344018 -0.290585  0.185455  0.315757  0.150072    0.560513      -0.491093       -0.490187       -0.490187     -0.488320      -0.490187       -0.490187      -0.490187       -0.490187      -0.491093       -0.490187       -0.490187
nMSE            -0.113210  1.000000  0.983510 -0.066643  0.524284 -0.167291 -0.156660 -0.041269   -0.343894       0.179586        0.179454        0.179454      0.158740       0.179454        0.179454       0.179454        0.179454       0.179586        0.179454        0.179454
nAPE            -0.149955  0.983510  1.000000  0.019190  0.562352 -0.187867 -0.182828 -0.059993   -0.387747       0.192055        0.192115        0.192115      0.180918       0.192115        0.192115       0.192115        0.192115       0.192055        0.192115        0.192115
DTW             -0.344018 -0.066643  0.019190  1.000000  0.270303 -0.348084 -0.501284 -0.220708   -0.271515       0.292889        0.291941        0.291941      0.306211       0.291941        0.291941       0.291941        0.291941       0.292889        0.291941        0.291941
nDTW            -0.290585  0.524284  0.562352  0.270303  1.000000 -0.181515 -0.203009 -0.068358   -0.560756       0.591371        0.590279        0.590279      0.621458       0.590279        0.590279       0.590279        0.590279       0.591371        0.590279        0.590279
bleu             0.185455 -0.167291 -0.187867 -0.348084 -0.181515  1.000000  0.781456  0.290045    0.388929      -0.148315       -0.147791       -0.147791     -0.169306      -0.147791       -0.147791      -0.147791       -0.147791      -0.148315       -0.147791       -0.147791
chrf             0.315757 -0.156660 -0.182828 -0.501284 -0.203009  0.781456  1.000000  0.396599    0.414058      -0.284786       -0.283598       -0.283598     -0.289646      -0.283598       -0.283598      -0.283598       -0.283598      -0.284786       -0.283598       -0.283598
bleurt           0.150072 -0.041269 -0.059993 -0.220708 -0.068358  0.290045  0.396599  1.000000    0.134466      -0.070405       -0.069619       -0.069619     -0.111926      -0.069619       -0.069619      -0.069619       -0.069619      -0.070405       -0.069619       -0.069619
likelihood       0.560513 -0.343894 -0.387747 -0.271515 -0.560756  0.388929  0.414058  0.134466    1.000000      -0.514683       -0.514371       -0.514371     -0.513543      -0.514371       -0.514371      -0.514371       -0.514371      -0.514683       -0.514371       -0.514371
vae_20_radius   -0.491093  0.179586  0.192055  0.292889  0.591371 -0.148315 -0.284786 -0.070405   -0.514683       1.000000        0.999964        0.999964      0.955068       0.999964        0.999964       0.999964        0.999964       1.000000        0.999964        0.999964
vae_200_radius  -0.490187  0.179454  0.192115  0.291941  0.590279 -0.147791 -0.283598 -0.069619   -0.514371       0.999964        1.000000        1.000000      0.955056       1.000000        1.000000       1.000000        1.000000       0.999964        1.000000        1.000000
vae_175_radius  -0.490187  0.179454  0.192115  0.291941  0.590279 -0.147791 -0.283598 -0.069619   -0.514371       0.999964        1.000000        1.000000      0.955056       1.000000        1.000000       1.000000        1.000000       0.999964        1.000000        1.000000
vae_0_radius    -0.488320  0.158740  0.180918  0.306211  0.621458 -0.169306 -0.289646 -0.111926   -0.513543       0.955068        0.955056        0.955056      1.000000       0.955056        0.955056       0.955056        0.955056       0.955068        0.955056        0.955056
vae_60_radius   -0.490187  0.179454  0.192115  0.291941  0.590279 -0.147791 -0.283598 -0.069619   -0.514371       0.999964        1.000000        1.000000      0.955056       1.000000        1.000000       1.000000        1.000000       0.999964        1.000000        1.000000
vae_100_radius  -0.490187  0.179454  0.192115  0.291941  0.590279 -0.147791 -0.283598 -0.069619   -0.514371       0.999964        1.000000        1.000000      0.955056       1.000000        1.000000       1.000000        1.000000       0.999964        1.000000        1.000000
vae_80_radius   -0.490187  0.179454  0.192115  0.291941  0.590279 -0.147791 -0.283598 -0.069619   -0.514371       0.999964        1.000000        1.000000      0.955056       1.000000        1.000000       1.000000        1.000000       0.999964        1.000000        1.000000
vae_125_radius  -0.490187  0.179454  0.192115  0.291941  0.590279 -0.147791 -0.283598 -0.069619   -0.514371       0.999964        1.000000        1.000000      0.955056       1.000000        1.000000       1.000000        1.000000       0.999964        1.000000        1.000000
vae_40_radius   -0.491093  0.179586  0.192055  0.292889  0.591371 -0.148315 -0.284786 -0.070405   -0.514683       1.000000        0.999964        0.999964      0.955068       0.999964        0.999964       0.999964        0.999964       1.000000        0.999964        0.999964
vae_300_radius  -0.490187  0.179454  0.192115  0.291941  0.590279 -0.147791 -0.283598 -0.069619   -0.514371       0.999964        1.000000        1.000000      0.955056       1.000000        1.000000       1.000000        1.000000       0.999964        1.000000        1.000000
vae_150_radius  -0.490187  0.179454  0.192115  0.291941  0.590279 -0.147791 -0.283598 -0.069619   -0.514371       0.999964        1.000000        1.000000      0.955056       1.000000        1.000000       1.000000        1.000000       0.999964        1.000000        1.000000
===============================
System: aggregated
human_scores
     score_dsgs02  score_dsgs03  score_dsgs04  score_dsgs05  score_dsgs06  score_dsgs07  score_avg
400          84.0          85.0          84.0          67.0          99.0          94.0  85.500000
401           2.0          67.0          67.0          50.0          33.0         100.0  53.166667
402          50.0          79.0          68.0          33.0          67.0          92.0  64.833333
403          68.0          85.0          67.0          50.0          99.0          93.0  77.000000
404          67.0          85.0          33.0          67.0          50.0         100.0  67.000000
..            ...           ...           ...           ...           ...           ...        ...
95           31.0           3.0          34.0          10.0          32.0          33.0  23.833333
96           15.0           4.0          16.0           1.0           0.0           8.0   7.333333
97           20.0           9.0          33.0           1.0           0.0          66.0  21.500000
98           19.0           5.0          50.0           9.0          15.0          85.0  30.500000
99           23.0          27.0          33.0          16.0           0.0          67.0  27.666667

[300 rows x 7 columns]
       score_dsgs02  score_dsgs03  score_dsgs04  score_dsgs05  score_dsgs06  score_dsgs07   score_avg
count    300.000000    300.000000    300.000000    300.000000    300.000000    300.000000  300.000000
mean      36.580000     32.463333     37.936667     25.533333     22.166667     47.593333   33.712222
std       32.631472     34.928527     34.688861     30.208676     30.472295     38.020782   31.102248
min        2.000000      1.000000      0.000000      0.000000      0.000000      0.000000    1.833333
25%        4.000000      5.000000      0.000000      1.000000      0.000000      9.000000    4.500000
50%       29.500000      9.000000     33.000000      9.000000      0.000000     33.000000   21.333333
75%       67.000000     74.000000     67.250000     50.000000     33.000000     85.000000   67.333333
max      100.000000     92.000000    100.000000     85.000000    100.000000    100.000000   93.000000

pearson correlation
              score_dsgs02  score_dsgs03  score_dsgs04  score_dsgs05  score_dsgs06  score_dsgs07  score_avg
score_dsgs02      1.000000      0.849205      0.887445      0.861841      0.828741      0.795766   0.935740
score_dsgs03      0.849205      1.000000      0.844004      0.929166      0.848761      0.814183   0.947441
score_dsgs04      0.887445      0.844004      1.000000      0.846825      0.833889      0.850133   0.945494
score_dsgs05      0.861841      0.929166      0.846825      1.000000      0.797762      0.813896   0.939997
score_dsgs06      0.828741      0.848761      0.833889      0.797762      1.000000      0.729010   0.899747
score_dsgs07      0.795766      0.814183      0.850133      0.813896      0.729010      1.000000   0.904101
score_avg         0.935740      0.947441      0.945494      0.939997      0.899747      0.904101   1.000000
mean pearson correlation with others
score_dsgs02    0.879820
score_dsgs03    0.890394
score_dsgs04    0.886827
score_dsgs05    0.884212
score_dsgs06    0.848273
score_dsgs07    0.843870
score_avg       0.938932
dtype: float64

spearman correlation
              score_dsgs02  score_dsgs03  score_dsgs04  score_dsgs05  score_dsgs06  score_dsgs07  score_avg
score_dsgs02      1.000000      0.739987      0.898107      0.799135      0.816330      0.799587   0.927864
score_dsgs03      0.739987      1.000000      0.755794      0.763909      0.812078      0.743546   0.815972
score_dsgs04      0.898107      0.755794      1.000000      0.824366      0.834688      0.838798   0.947878
score_dsgs05      0.799135      0.763909      0.824366      1.000000      0.823252      0.804608   0.880415
score_dsgs06      0.816330      0.812078      0.834688      0.823252      1.000000      0.768086   0.874403
score_dsgs07      0.799587      0.743546      0.838798      0.804608      0.768086      1.000000   0.912944
score_avg         0.927864      0.815972      0.947878      0.880415      0.874403      0.912944   1.000000
mean spearman correlation with others
score_dsgs02    0.854430
score_dsgs03    0.804470
score_dsgs04    0.871376
score_dsgs05    0.842241
score_dsgs06    0.846977
score_dsgs07    0.838224
score_avg       0.908497
dtype: float64

metrics
    score_avg      nMSE      nAPE           DTW       nDTW  bleu   chrf     bleurt  likelihood  vae_20_radius  vae_200_radius  vae_175_radius  vae_0_radius  vae_60_radius  vae_100_radius  vae_80_radius  vae_125_radius  vae_40_radius  vae_300_radius  vae_150_radius
0    2.500000  0.847763  0.690967     65.225397  21.059861  6.57  16.98  14.843750  -47.499249       1.247443        1.247443        1.247443      1.247443       1.247443        1.247443       1.247443        1.247443       1.247443        1.247443        1.247443
1    2.666667  0.649494  0.631783     31.290048  13.044700  6.87   9.96  13.085938  -36.581486       0.730125        0.730125        0.730125      0.703940       0.730125        0.730125       0.730125        0.730125       0.730125        0.730125        0.730125
2    2.166667  0.289763  0.357706     72.238654  49.613751  0.48  11.56  64.843750  -78.595978       1.462510        1.462510        1.462510      1.464099       1.462510        1.462510       1.462510        1.462510       1.462510        1.462510        1.462510
3    2.000000  0.451358  0.476717     43.453963  18.039233  5.80  15.44  20.996094  -45.255180       0.916950        0.916950        0.916950      0.916950       0.916950        0.916950       0.916950        0.916950       0.916950        0.916950        0.916950
4    4.666667  0.255334  0.385241     35.155737  16.250593  0.00   1.16   6.884766  -43.712204       0.743485        0.743485        0.743485      0.834718       0.743485        0.743485       0.743485        0.743485       0.743485        0.743485        0.743485
..        ...       ...       ...           ...        ...   ...    ...        ...         ...            ...             ...             ...           ...            ...             ...            ...             ...            ...             ...             ...
95  23.833333  0.103890  0.171156  23532.504916  15.310233  6.27  36.88  32.031250  -40.121944       0.992660        0.992660        0.992660      1.047038       0.992660        0.992660       0.992660        0.992660       0.992660        0.992660        0.992660
96   7.333333  0.329104  0.476208  99149.592831  39.983433  0.00   0.87  42.968750  -81.003548       1.880202        1.880202        1.880202      1.874071       1.880202        1.880202       1.880202        1.880202       1.880202        1.880202        1.880202
97  21.500000  0.345975  0.487867   9819.574551  26.722475  0.47   9.97  46.484375  -64.452591       1.906974        1.906974        1.906974      1.821643       1.906974        1.906974       1.906974        1.906974       1.906974        1.906974        1.906974
98  30.500000  0.149525  0.215558   5814.359512  13.844864  7.81  17.15  16.601562  -38.731033       0.846907        0.846907        0.846907      0.858624       0.846907        0.846907       0.846907        0.846907       0.846907        0.846907        0.846907
99  27.666667  0.334139  0.480044  63823.387177  23.407111  5.09  19.99  34.375000  -32.030094       0.938780        0.938780        0.938780      0.947853       0.938780        0.938780       0.938780        0.938780       0.938780        0.938780        0.938780

[200 rows x 20 columns]
        score_avg          nMSE        nAPE            DTW        nDTW        bleu        chrf      bleurt  likelihood  vae_20_radius  vae_200_radius  vae_175_radius  vae_0_radius  vae_60_radius  vae_100_radius  vae_80_radius  vae_125_radius  vae_40_radius  vae_300_radius  vae_150_radius
count  200.000000    200.000000  200.000000     200.000000  200.000000  200.000000  200.000000  200.000000  200.000000     200.000000      200.000000      200.000000    200.000000     200.000000      200.000000     200.000000      200.000000     200.000000      200.000000      200.000000
mean    13.432500    360.338643    0.800553   15084.990631   26.094910    3.268050   13.387300   24.515381  -46.844165       1.140340        1.140317        1.140317      1.169231       1.140317        1.140317       1.140317        1.140317       1.140340        1.140317        1.140317
std     12.255471   3074.026036    2.778527   26365.322008   15.078569    4.252825    9.826885   11.942273   18.860143       0.280166        0.280179        0.280179      0.313219       0.280179        0.280179       0.280179        0.280179       0.280166        0.280179        0.280179
min      1.833333      0.080964    0.171156      30.045008    4.796350    0.000000    0.000000    2.929688 -105.054024       0.461164        0.461164        0.461164      0.461164       0.461164        0.461164       0.461164        0.461164       0.461164        0.461164        0.461164
25%      3.125000      0.288001    0.386521      55.655236   16.249447    0.205000    6.925000   15.795898  -58.167437       0.938384        0.938384        0.938384      0.949912       0.938384        0.938384       0.938384        0.938384       0.938384        0.938384        0.938384
50%      9.000000      0.362819    0.481427    1199.813393   22.392371    2.370000   12.205000   22.167969  -44.439356       1.085200        1.085200        1.085200      1.116206       1.085200        1.085200       1.085200        1.085200       1.085200        1.085200        1.085200
75%     21.333333      0.489560    0.554961   23723.092873   30.078822    4.812500   16.090000   31.298828  -33.982578       1.279907        1.279907        1.279907      1.315011       1.279907        1.279907       1.279907        1.279907       1.279907        1.279907        1.279907
max     61.000000  29695.274948   27.208475  153672.776866   98.436076   32.560000   53.370000   73.437500  -11.052732       2.165654        2.165654        2.165654      2.736058       2.165654        2.165654       2.165654        2.165654       2.165654        2.165654        2.165654

pearson correlation
                score_avg      nMSE      nAPE       DTW      nDTW      bleu      chrf    bleurt  likelihood  vae_20_radius  vae_200_radius  vae_175_radius  vae_0_radius  vae_60_radius  vae_100_radius  vae_80_radius  vae_125_radius  vae_40_radius  vae_300_radius  vae_150_radius
score_avg        1.000000  0.090834  0.079787  0.257007 -0.299101  0.280240  0.348069  0.212589    0.479178       0.015598        0.015573        0.015573     -0.026189       0.015573        0.015573       0.015573        0.015573       0.015598        0.015573        0.015573
nMSE             0.090834  1.000000  0.998799 -0.037352 -0.089661  0.118496  0.074985 -0.051796    0.086997      -0.048380       -0.048368       -0.048368     -0.052171      -0.048368       -0.048368      -0.048368       -0.048368      -0.048380       -0.048368       -0.048368
nAPE             0.079787  0.998799  1.000000 -0.038264 -0.068686  0.110143  0.069004 -0.049887    0.067503      -0.044099       -0.044086       -0.044086     -0.044562      -0.044086       -0.044086      -0.044086       -0.044086      -0.044099       -0.044086       -0.044086
DTW              0.257007 -0.037352 -0.038264  1.000000  0.041109 -0.173169 -0.199822 -0.044415    0.001799       0.405631        0.405503        0.405503      0.354289       0.405503        0.405503       0.405503        0.405503       0.405631        0.405503        0.405503
nDTW            -0.299101 -0.089661 -0.068686  0.041109  1.000000 -0.170766 -0.156079  0.037858   -0.595194       0.487776        0.487740        0.487740      0.569832       0.487740        0.487740       0.487740        0.487740       0.487776        0.487740        0.487740
bleu             0.280240  0.118496  0.110143 -0.173169 -0.170766  1.000000  0.746175  0.299224    0.356479      -0.130440       -0.130373       -0.130373     -0.153713      -0.130373       -0.130373      -0.130373       -0.130373      -0.130440       -0.130373       -0.130373
chrf             0.348069  0.074985  0.069004 -0.199822 -0.156079  0.746175  1.000000  0.380920    0.329165      -0.174829       -0.174729       -0.174729     -0.162834      -0.174729       -0.174729      -0.174729       -0.174729      -0.174829       -0.174729       -0.174729
bleurt           0.212589 -0.051796 -0.049887 -0.044415  0.037858  0.299224  0.380920  1.000000    0.073555       0.063489        0.063590        0.063590      0.035508       0.063590        0.063590       0.063590        0.063590       0.063489        0.063590        0.063590
likelihood       0.479178  0.086997  0.067503  0.001799 -0.595194  0.356479  0.329165  0.073555    1.000000      -0.320986       -0.321017       -0.321017     -0.398709      -0.321017       -0.321017      -0.321017       -0.321017      -0.320986       -0.321017       -0.321017
vae_20_radius    0.015598 -0.048380 -0.044099  0.405631  0.487776 -0.130440 -0.174829  0.063489   -0.320986       1.000000        0.999999        0.999999      0.932317       0.999999        0.999999       0.999999        0.999999       1.000000        0.999999        0.999999
vae_200_radius   0.015573 -0.048368 -0.044086  0.405503  0.487740 -0.130373 -0.174729  0.063590   -0.321017       0.999999        1.000000        1.000000      0.932324       1.000000        1.000000       1.000000        1.000000       0.999999        1.000000        1.000000
vae_175_radius   0.015573 -0.048368 -0.044086  0.405503  0.487740 -0.130373 -0.174729  0.063590   -0.321017       0.999999        1.000000        1.000000      0.932324       1.000000        1.000000       1.000000        1.000000       0.999999        1.000000        1.000000
vae_0_radius    -0.026189 -0.052171 -0.044562  0.354289  0.569832 -0.153713 -0.162834  0.035508   -0.398709       0.932317        0.932324        0.932324      1.000000       0.932324        0.932324       0.932324        0.932324       0.932317        0.932324        0.932324
vae_60_radius    0.015573 -0.048368 -0.044086  0.405503  0.487740 -0.130373 -0.174729  0.063590   -0.321017       0.999999        1.000000        1.000000      0.932324       1.000000        1.000000       1.000000        1.000000       0.999999        1.000000        1.000000
vae_100_radius   0.015573 -0.048368 -0.044086  0.405503  0.487740 -0.130373 -0.174729  0.063590   -0.321017       0.999999        1.000000        1.000000      0.932324       1.000000        1.000000       1.000000        1.000000       0.999999        1.000000        1.000000
vae_80_radius    0.015573 -0.048368 -0.044086  0.405503  0.487740 -0.130373 -0.174729  0.063590   -0.321017       0.999999        1.000000        1.000000      0.932324       1.000000        1.000000       1.000000        1.000000       0.999999        1.000000        1.000000
vae_125_radius   0.015573 -0.048368 -0.044086  0.405503  0.487740 -0.130373 -0.174729  0.063590   -0.321017       0.999999        1.000000        1.000000      0.932324       1.000000        1.000000       1.000000        1.000000       0.999999        1.000000        1.000000
vae_40_radius    0.015598 -0.048380 -0.044099  0.405631  0.487776 -0.130440 -0.174829  0.063489   -0.320986       1.000000        0.999999        0.999999      0.932317       0.999999        0.999999       0.999999        0.999999       1.000000        0.999999        0.999999
vae_300_radius   0.015573 -0.048368 -0.044086  0.405503  0.487740 -0.130373 -0.174729  0.063590   -0.321017       0.999999        1.000000        1.000000      0.932324       1.000000        1.000000       1.000000        1.000000       0.999999        1.000000        1.000000
vae_150_radius   0.015573 -0.048368 -0.044086  0.405503  0.487740 -0.130373 -0.174729  0.063590   -0.321017       0.999999        1.000000        1.000000      0.932324       1.000000        1.000000       1.000000        1.000000       0.999999        1.000000        1.000000
spearman correlation
                score_avg      nMSE      nAPE       DTW      nDTW      bleu      chrf    bleurt  likelihood  vae_20_radius  vae_200_radius  vae_175_radius  vae_0_radius  vae_60_radius  vae_100_radius  vae_80_radius  vae_125_radius  vae_40_radius  vae_300_radius  vae_150_radius
score_avg        1.000000 -0.317658 -0.177397  0.649806 -0.332927 -0.019703  0.032370  0.108540    0.492806       0.111219        0.111147        0.111147      0.082640       0.111147        0.111147       0.111147        0.111147       0.111219        0.111147        0.111147
nMSE            -0.317658  1.000000  0.948619 -0.135540  0.376568 -0.032640  0.005918  0.032430   -0.371432       0.046860        0.046932        0.046932      0.081833       0.046932        0.046932       0.046932        0.046932       0.046860        0.046932        0.046932
nAPE            -0.177397  0.948619  1.000000  0.051817  0.400972 -0.109129 -0.056539  0.025841   -0.370461       0.118788        0.118834        0.118834      0.157771       0.118834        0.118834       0.118834        0.118834       0.118788        0.118834        0.118834
DTW              0.649806 -0.135540  0.051817  1.000000  0.005519 -0.193558 -0.187309  0.044133    0.073806       0.460948        0.460635        0.460635      0.458179       0.460635        0.460635       0.460635        0.460635       0.460948        0.460635        0.460635
nDTW            -0.332927  0.376568  0.400972  0.005519  1.000000 -0.105368 -0.136990  0.013060   -0.581730       0.512998        0.512773        0.512773      0.547293       0.512773        0.512773       0.512773        0.512773       0.512998        0.512773        0.512773
bleu            -0.019703 -0.032640 -0.109129 -0.193558 -0.105368  1.000000  0.706427  0.241243    0.245277      -0.061757       -0.061468       -0.061468     -0.080667      -0.061468       -0.061468      -0.061468       -0.061468      -0.061757       -0.061468       -0.061468
chrf             0.032370  0.005918 -0.056539 -0.187309 -0.136990  0.706427  1.000000  0.295576    0.272357      -0.226348       -0.225921       -0.225921     -0.224634      -0.225921       -0.225921      -0.225921       -0.225921      -0.226348       -0.225921       -0.225921
bleurt           0.108540  0.032430  0.025841  0.044133  0.013060  0.241243  0.295576  1.000000    0.093188       0.044715        0.045130        0.045130      0.030246       0.045130        0.045130       0.045130        0.045130       0.044715        0.045130        0.045130
likelihood       0.492806 -0.371432 -0.370461  0.073806 -0.581730  0.245277  0.272357  0.093188    1.000000      -0.289383       -0.289465       -0.289465     -0.318858      -0.289465       -0.289465      -0.289465       -0.289465      -0.289383       -0.289465       -0.289465
vae_20_radius    0.111219  0.046860  0.118788  0.460948  0.512998 -0.061757 -0.226348  0.044715   -0.289383       1.000000        0.999991        0.999991      0.957093       0.999991        0.999991       0.999991        0.999991       1.000000        0.999991        0.999991
vae_200_radius   0.111147  0.046932  0.118834  0.460635  0.512773 -0.061468 -0.225921  0.045130   -0.289465       0.999991        1.000000        1.000000      0.957115       1.000000        1.000000       1.000000        1.000000       0.999991        1.000000        1.000000
vae_175_radius   0.111147  0.046932  0.118834  0.460635  0.512773 -0.061468 -0.225921  0.045130   -0.289465       0.999991        1.000000        1.000000      0.957115       1.000000        1.000000       1.000000        1.000000       0.999991        1.000000        1.000000
vae_0_radius     0.082640  0.081833  0.157771  0.458179  0.547293 -0.080667 -0.224634  0.030246   -0.318858       0.957093        0.957115        0.957115      1.000000       0.957115        0.957115       0.957115        0.957115       0.957093        0.957115        0.957115
vae_60_radius    0.111147  0.046932  0.118834  0.460635  0.512773 -0.061468 -0.225921  0.045130   -0.289465       0.999991        1.000000        1.000000      0.957115       1.000000        1.000000       1.000000        1.000000       0.999991        1.000000        1.000000
vae_100_radius   0.111147  0.046932  0.118834  0.460635  0.512773 -0.061468 -0.225921  0.045130   -0.289465       0.999991        1.000000        1.000000      0.957115       1.000000        1.000000       1.000000        1.000000       0.999991        1.000000        1.000000
vae_80_radius    0.111147  0.046932  0.118834  0.460635  0.512773 -0.061468 -0.225921  0.045130   -0.289465       0.999991        1.000000        1.000000      0.957115       1.000000        1.000000       1.000000        1.000000       0.999991        1.000000        1.000000
vae_125_radius   0.111147  0.046932  0.118834  0.460635  0.512773 -0.061468 -0.225921  0.045130   -0.289465       0.999991        1.000000        1.000000      0.957115       1.000000        1.000000       1.000000        1.000000       0.999991        1.000000        1.000000
vae_40_radius    0.111219  0.046860  0.118788  0.460948  0.512998 -0.061757 -0.226348  0.044715   -0.289383       1.000000        0.999991        0.999991      0.957093       0.999991        0.999991       0.999991        0.999991       1.000000        0.999991        0.999991
vae_300_radius   0.111147  0.046932  0.118834  0.460635  0.512773 -0.061468 -0.225921  0.045130   -0.289465       0.999991        1.000000        1.000000      0.957115       1.000000        1.000000       1.000000        1.000000       0.999991        1.000000        1.000000
vae_150_radius   0.111147  0.046932  0.118834  0.460635  0.512773 -0.061468 -0.225921  0.045130   -0.289465       0.999991        1.000000        1.000000      0.957115       1.000000        1.000000       1.000000        1.000000       0.999991        1.000000        1.000000
===============================
